NAMESPACE            NAME                                             READY   STATUS    RESTARTS   AGE
ingress-nginx        pod/ingress-nginx-controller-56859495b9-klgx4    1/1     Running   0          9m12s
kube-system          pod/coredns-559f6c778d-hhvph                     1/1     Running   0          9m13s
kube-system          pod/coredns-559f6c778d-xbrks                     1/1     Running   0          9m13s
kube-system          pod/etcd-kind-control-plane                      1/1     Running   0          9m20s
kube-system          pod/kindnet-86lld                                1/1     Running   0          9m13s
kube-system          pod/kindnet-gr6xr                                1/1     Running   0          9m13s
kube-system          pod/kindnet-hn6rj                                1/1     Running   0          9m13s
kube-system          pod/kindnet-khlmp                                1/1     Running   0          9m13s
kube-system          pod/kindnet-kx2cr                                1/1     Running   0          9m12s
kube-system          pod/kindnet-l27tk                                1/1     Running   0          9m13s
kube-system          pod/kindnet-s6f95                                1/1     Running   0          9m13s
kube-system          pod/kube-apiserver-kind-control-plane            1/1     Running   0          9m20s
kube-system          pod/kube-controller-manager-kind-control-plane   1/1     Running   0          9m20s
kube-system          pod/kube-proxy-9hlmq                             1/1     Running   0          9m13s
kube-system          pod/kube-proxy-c7jh2                             1/1     Running   0          9m13s
kube-system          pod/kube-proxy-h7cch                             1/1     Running   0          9m13s
kube-system          pod/kube-proxy-n2lsx                             1/1     Running   0          9m12s
kube-system          pod/kube-proxy-n7cp5                             1/1     Running   0          9m13s
kube-system          pod/kube-proxy-psgfn                             1/1     Running   0          9m13s
kube-system          pod/kube-proxy-wdjr4                             1/1     Running   0          9m13s
kube-system          pod/kube-scheduler-kind-control-plane            1/1     Running   0          9m21s
local-path-storage   pod/local-path-provisioner-75f7fc7dc5-wcfkj      1/1     Running   0          9m13s
mysql                pod/mysql-statefulset-0                          1/1     Running   0          8m22s
mysql                pod/mysql-statefulset-1                          1/1     Running   0          5m46s
todoapp              pod/todoapp-deployment-79b9c5cfb9-hmpft          1/1     Running   0          8m22s
todoapp              pod/todoapp-deployment-79b9c5cfb9-x8cvh          1/1     Running   0          8m22s

NAMESPACE       NAME                                         TYPE           CLUSTER-IP      EXTERNAL-IP   PORT(S)                      AGE
default         service/kubernetes                           ClusterIP      10.96.0.1       <none>        443/TCP                      9m21s
ingress-nginx   service/ingress-nginx-controller             LoadBalancer   10.96.162.148   <pending>     80:32182/TCP,443:30617/TCP   9m12s
ingress-nginx   service/ingress-nginx-controller-admission   ClusterIP      10.96.1.73      <none>        443/TCP                      9m12s
kube-system     service/kube-dns                             ClusterIP      10.96.0.10      <none>        53/UDP,53/TCP,9153/TCP       9m20s
mysql           service/mysql-service                        ClusterIP      None            <none>        3306/TCP                     8m22s
todoapp         service/todoapp-service                      ClusterIP      10.96.180.77    <none>        80/TCP                       8m22s

NAMESPACE     NAME                        DESIRED   CURRENT   READY   UP-TO-DATE   AVAILABLE   NODE SELECTOR            AGE
kube-system   daemonset.apps/kindnet      7         7         7       7            7           kubernetes.io/os=linux   9m19s
kube-system   daemonset.apps/kube-proxy   7         7         7       7            7           kubernetes.io/os=linux   9m20s

NAMESPACE            NAME                                       READY   UP-TO-DATE   AVAILABLE   AGE
ingress-nginx        deployment.apps/ingress-nginx-controller   1/1     1            1           9m12s
kube-system          deployment.apps/coredns                    2/2     2            2           9m20s
local-path-storage   deployment.apps/local-path-provisioner     1/1     1            1           9m18s
todoapp              deployment.apps/todoapp-deployment         2/2     2            2           8m22s

NAMESPACE            NAME                                                  DESIRED   CURRENT   READY   AGE
ingress-nginx        replicaset.apps/ingress-nginx-controller-56859495b9   1         1         1       9m12s
ingress-nginx        replicaset.apps/ingress-nginx-controller-6897f8b69b   0         0         0       9m12s
kube-system          replicaset.apps/coredns-559f6c778d                    2         2         2       9m14s
local-path-storage   replicaset.apps/local-path-provisioner-75f7fc7dc5     1         1         1       9m14s
todoapp              replicaset.apps/todoapp-deployment-79b9c5cfb9         2         2         2       8m22s

NAMESPACE   NAME                                 READY   AGE
mysql       statefulset.apps/mysql-statefulset   2/2     8m22s

NAMESPACE   NAME                                              REFERENCE                       TARGETS                                     MINPODS   MAXPODS   REPLICAS   AGE
todoapp     horizontalpodautoscaler.autoscaling/todoapp-hpa   Deployment/todoapp-deployment   cpu: <unknown>/70%, memory: <unknown>/70%   2         5         2          8m22s

NAMESPACE            NAME                                                             DATA   AGE
default              configmap/kube-root-ca.crt                                       1      9m14s
ingress-nginx        configmap/ingress-nginx-controller                               0      9m12s
ingress-nginx        configmap/kube-root-ca.crt                                       1      9m12s
kube-node-lease      configmap/kube-root-ca.crt                                       1      9m14s
kube-public          configmap/cluster-info                                           2      9m21s
kube-public          configmap/kube-root-ca.crt                                       1      9m14s
kube-system          configmap/coredns                                                1      9m20s
kube-system          configmap/extension-apiserver-authentication                     6      9m22s
kube-system          configmap/kube-apiserver-legacy-service-account-token-tracking   1      9m22s
kube-system          configmap/kube-proxy                                             2      9m20s
kube-system          configmap/kube-root-ca.crt                                       1      9m14s
kube-system          configmap/kubeadm-config                                         1      9m21s
kube-system          configmap/kubelet-config                                         1      9m21s
local-path-storage   configmap/kube-root-ca.crt                                       1      9m14s
local-path-storage   configmap/local-path-config                                      4      9m18s
mysql                configmap/kube-root-ca.crt                                       1      8m22s
mysql                configmap/mysql-configmap                                        1      8m22s
todoapp              configmap/kube-root-ca.crt                                       1      8m22s
todoapp              configmap/todoapp-config                                         1      8m22s

NAMESPACE       NAME                                   TYPE                            DATA   AGE
default         secret/sh.helm.release.v1.todoapp.v1   helm.sh/release.v1              1      8m22s
ingress-nginx   secret/ingress-nginx-admission         Opaque                          3      8m57s
kube-system     secret/bootstrap-token-abcdef          bootstrap.kubernetes.io/token   6      9m21s
mysql           secret/mysql-secret                    Opaque                          3      8m22s
todoapp         secret/todoapp-secret                  Opaque                          5      8m22s

NAMESPACE   NAME                                        CLASS    HOSTS   ADDRESS     PORTS   AGE
todoapp     ingress.networking.k8s.io/todoapp-ingress   <none>   *       localhost   80      8m22s
